# NVMe Interview Preparation Guide

## 1. Namespace Creation
- **Definition**: A namespace is a logical division within an NVMe device that can be formatted and used as a block storage.
- **Command Example**: `nvme create-ns /dev/nvme0 --nsid=1 --size=1G`
- **Success Criteria**: Namespace is created and visible in `nvme list`

## 2. Logical Block Configuration
- **Definition**: Configuring logical block addresses (LBAs) and their attributes.
- **Command Example**: `nvme set-feature /dev/nvme0 --fid=1 --value=512`
- **Comparison Table**: 
| Feature      | Command                  | Output                      |
|--------------|--------------------------|-----------------------------|
| Block Size  | `nvme get-log /dev/nvme0` | Displays current block size  |

## 3. Power State Management
- **Definition**: Managing power states of NVMe devices to optimize energy consumption.
- **Command Example**: `nvme set-feature /dev/nvme0 --fid=2 --value=1`
- **Success Criteria**: Device transitions to specified power state successfully.

## 4. APST (Adaptive Power State Transition)
- **Definition**: Mechanism to reduce power consumption based on workload.
- **Command Example**: `nvme set-feature /dev/nvme0 --fid=4 --value=1`
- **Success Criteria**: Confirmed through power consumption analysis.

## 5. Wear Leveling
- **Definition**: Technique to prolong the lifespan of the storage device.
- **Command Example**: `nvme smart-log /dev/nvme0`
- **Success Criteria**: Consistent wear across all blocks.

## 6. FIO Testing
- **Definition**: Flexible I/O tester for benchmarking.
- **Command Example**: `fio --name=randwrite --ioengine=libaio --rw=randwrite --bs=4k --size=1G`
- **Success Criteria**: Achieves defined throughput and IOPS values.

## 7. Device Identification
- **Definition**: Identifying and accessing NVMe devices.
- **Command Example**: `nvme list`
- **Success Criteria**: Lists all NVMe devices connected.

## 8. Write Protection Detection
- **Definition**: Recognizing write protection features of NVMe devices.
- **Command Example**: `nvme get-feature /dev/nvme0 --fid=7`
- **Success Criteria**: Successful retrieval of protection status.

## Interview Tips
- Focus on understanding the NVMe specifications and commands, especially those used by major companies like NVIDIA, AMD, and Samsung.
- Prepare for scenario-based questions where you may need to demonstrate knowledge of configurations and interventions during performance issues.
- Practice explaining complex concepts in a simplified manner, as communication skills are crucial in interviews.