**OakGate** (now owned by Teledyne LeCroy) is the industry-standard hardware and software platform used for testing and validating high-performance storage devices, specifically **NVMe**, **SATA**, and **SAS SSDs**.

In the world of SSD firmware validation, OakGate is the "heavy lifter"—it acts as the host system that pushes the SSD to its absolute limits to ensure it doesn't fail in a real-world server or data center.

---

## 1. What is OakGate?

It is a **turnkey validation solution** consisting of two main parts:

* **The Appliance (Hardware):** Physical rack-mount or desktop units equipped with specialized PCIe slots, power controllers, and sideband signal headers. It allows you to physically connect multiple SSDs (DUTs - Devices Under Test) and precisely control their power and environment.
* **SVF/Enduro (Software):** The "brain" of the system. It is the software suite used to design, run, and analyze tests. It includes:
* **Exerciser:** For generating massive amounts of randomized I/O traffic.
* **Directed Tests:** Pre-written scripts for protocol compliance (NVMe specifications).
* **Analyzer:** A tool to look at individual commands and figure out exactly why a drive crashed or returned bad data.



---

## 2. How is a test conducted on an SSD with OakGate?

Testing usually follows a four-step lifecycle: **Connection → Configuration → Execution → Analysis.**

### Step 1: Physical Connection

You plug the SSD into an OakGate plug-in module (e.g., U.2, M.2, or E3.S). Because the appliance has built-in **Power Controllers**, you don't just plug it in; you can simulate "dirty" power-offs (glitching) to see if the SSD loses data when the power suddenly cuts out.

### Step 2: Configuration (The SVF/Enduro Setup)

Through the Enduro GUI, you "discover" the drive. You then define the **I/O Profile**:

* **Read/Write Ratio:** (e.g., 70% Reads, 30% Writes).
* **Block Size:** (e.g., 4KB for small random tasks or 128KB for sequential).
* **Queue Depth:** How many commands are sent at once to stress the NVMe controller.

### Step 3: Execution (Manual or Automated)

* **Manual:** You use the **Exerciser** to manually start traffic and watch the "Live Statistics" (IOPS, Latency, Bandwidth) on the dashboard.
* **Automated (Python):** For a Senior role, this is the most important part. You write **Python scripts** that call the **OakGate REST API**. The script can automatically:
1. Power on the drive.
2. Format the Namespace.
3. Run a 10-hour stress test.
4. Log any "Data Integrity" errors.



### Step 4: Analysis & Reporting

If the test fails, OakGate provides a **Trace**. You can look at the exact moment the failure happened and see if the drive sent an "Internal Error" code or if it just stopped responding to PCIe "Keep Alive" signals.

---

## 3. Why OakGate is used for the role you mentioned:

In your job description, they mentioned **"NVMe knowledge"** and **"Hands-on lab experience."** OakGate is exactly where those two meet.

* **Calibration:** You use OakGate to calibrate power consumption (how many Watts the SSD uses under load).
* **Protocol:** You use it to test **NVMe features** like "Namespace Management" or "Firmware Update" commands.
* **Automation:** Your Python scripts will likely be interacting with the OakGate software to run "nightly builds" of tests without a human needing to click "Start."

**Pro-tip for your interview:** If they ask how you use OakGate, mention that you use it for **"Error Injection."** It's one of OakGate’s strongest features—intentionally sending "bad" commands to the SSD to see if the firmware is smart enough to handle them without crashing.
